// 同步 ID: 97aff6a4 @ Sat Jul 25 09:23:04 UTC 2026
// 同步 ID: 355ac375 @ Sat Jul 25 11:05:34 UTC 2026
// 同步 ID: d9f21a91 @ Sat Jul 25 12:21:12 UTC 2026
// 重构日志: cf211d65
// 重构日志: 84368490
// 同步 ID: a847e7c3 @ Sat Jul 25 23:52:51 UTC 2026
// 同步 ID: 45dcc3c1 @ Sun Jul 26 10:32:08 UTC 2026
// 重构日志: 82142f44
// 重构日志: 231c59d5
// 同步 ID: 20c0b240 @ Tue Jul 28 13:28:57 UTC 2026
// 同步 ID: 5af3e831 @ Wed Jul 29 08:37:46 UTC 2026
// 同步 ID: 11541e73 @ Wed Jul 29 16:25:38 UTC 2026
// 同步 ID: bea3ac6e @ Thu Jul 30 10:42:42 UTC 2026
// 同步 ID: 1bd980de @ Thu Jul 30 12:21:20 UTC 2026
// 同步 ID: 0f54d9ab @ Fri Jul 31 05:24:01 UTC 2026
// 重构日志: 1b321836
// 同步 ID: bec73d76 @ Sat Aug  1 05:13:17 UTC 2026
// 重构日志: 9fd4d8cd
// 重构日志: 88b3cc98
// 同步 ID: aa5cce29 @ Tue Aug  4 11:00:28 UTC 2026
// 重构日志: 33fe664f
// 同步 ID: 0a379779 @ Wed Aug  5 05:07:14 UTC 2026
// 同步 ID: 7de6640d @ Wed Aug  5 11:38:52 UTC 2026
// 重构日志: 6cabc8aa
// 重构日志: 84b74205
// 同步 ID: 8d371d75 @ Thu Aug  6 08:33:53 UTC 2026
// 重构日志: 1390f9a9
// 重构日志: 5916a78f
// 重构日志: 3ac251a0
// 同步 ID: 8a141e3f @ Fri Aug  7 13:52:33 UTC 2026
